src/App.tsx(18,10): error TS6133: 'user' is declared but its value is never read.
src/components/AIChatBot.tsx(1,8): error TS6133: 'React' is declared but its value is never read.
src/components/ImageUpload.tsx(4,18): error TS6133: 'X' is declared but its value is never read.
src/components/ImageUpload.tsx(4,21): error TS6133: 'Check' is declared but its value is never read.
src/components/Testimonials.tsx(1,1): error TS6133: 'React' is declared but its value is never read.
src/components/WhatsAppButton.tsx(1,1): error TS6133: 'React' is declared but its value is never read.
src/data/products.ts(2,22): error TS6133: 'getDocs' is declared but its value is never read.
src/data/products.ts(2,55): error TS6133: 'writeBatch' is declared but its value is never read.
src/data/products.ts(59,5): error TS6133: 'cachedData' is declared but its value is never read.
src/data/products.ts(60,5): error TS6133: 'lastFetchTime' is declared but its value is never read.
src/data/products.ts(61,7): error TS6133: 'CACHE_DURATION' is declared but its value is never read.
src/data/products.ts(63,35): error TS6133: 'forceRefresh' is declared but its value is never read.
src/data/products.ts(69,7): error TS6133: 'applyLocalOverrides' is declared but its value is never read.
src/pages/AdminDashboard.tsx(3,88): error TS6133: 'Database' is declared but its value is never read.
src/pages/Colecciones.tsx(1,1): error TS6133: 'React' is declared but its value is never read.
